[dotenv@17.2.3] injecting env (11) from .env -- tip: ΓÜÖ∩╕Å  enable debug logging with { debug: true }
[dotenv@17.2.3] injecting env (0) from .env -- tip: Γ£à audit secrets and track compliance: https://dotenvx.com/ops
[dotenv@17.2.3] injecting env (0) from .env -- tip: ΓÜÖ∩╕Å  enable debug logging with { debug: true }
[dotenv@17.2.3] injecting env (0) from .env -- tip: ≡ƒæÑ sync secrets across teammates & machines: https://dotenvx.com/ops
[dotenv@17.2.3] injecting env (0) from .env -- tip: ≡ƒöæ add access controls to secrets: https://dotenvx.com/ops

Running 20 tests using 2 workers

[dotenv@17.2.3] injecting env (0) from .env -- tip: Γ£à audit secrets and track compliance: https://dotenvx.com/ops
[dotenv@17.2.3] injecting env (0) from .env -- tip: ΓÜÖ∩╕Å  suppress all logs with { quiet: true }
[dotenv@17.2.3] injecting env (0) from .env -- tip: ≡ƒöÉ prevent building .env in docker: https://dotenvx.com/prebuild
[dotenv@17.2.3] injecting env (0) from .env -- tip: ΓÜÖ∩╕Å  write to custom object with { processEnv: myObject }
[dotenv@17.2.3] injecting env (0) from .env -- tip: ΓÜÖ∩╕Å  write to custom object with { processEnv: myObject }
[dotenv@17.2.3] injecting env (0) from .env -- tip: ≡ƒ¢á∩╕Å  run anywhere with `dotenvx run -- yourcommand`
[dotenv@17.2.3] injecting env (0) from .env -- tip: ΓÜÖ∩╕Å  specify custom .env file path with { path: '/custom/path/.env' }
[dotenv@17.2.3] injecting env (0) from .env -- tip: ΓÜÖ∩╕Å  enable debug logging with { debug: true }
  Γ£ô   2 [WEMS 3.0 - Chrome] ΓÇ║ tests\dashboard.spec.ts:21:7 ΓÇ║ Dashboard Page ΓÇ║ Load Dashboard Page after Login (5.4s)
  Γ£ô   1 [WEMS 3.0 - Chrome] ΓÇ║ tests\dashboard.spec.ts:71:7 ΓÇ║ Top Navigation ΓÇ║ TC_TopNav_04: User profile menu should be visible (5.7s)
  Γ£ô   3 [WEMS 3.0 - Chrome] ΓÇ║ tests\dashboard.spec.ts:52:7 ΓÇ║ Top Navigation ΓÇ║ TC_TopNav_01: Logo should be visible (4.8s)
  Γ£ô   4 [WEMS 3.0 - Chrome] ΓÇ║ tests\dashboard.spec.ts:78:7 ΓÇ║ Top Navigation ΓÇ║ TC_TopNav_05: Sidebar toggle should open/close sidebar (4.7s)
  Γ£ô   6 [WEMS 3.0 - Chrome] ΓÇ║ tests\dashboard.spec.ts:102:7 ΓÇ║ Top Navigation ΓÇ║ TC_TopNav_06: User profile menu click should show profile options (4.3s)
  Γ£ô   5 [WEMS 3.0 - Chrome] ΓÇ║ tests\dashboard.spec.ts:57:7 ΓÇ║ Top Navigation ΓÇ║ TC_TopNav_02: Sidebar toggle button should be visible (4.5s)
  Γ£ô   8 [WEMS 3.0 - Chrome] ΓÇ║ tests\dashboard.spec.ts:64:7 ΓÇ║ Top Navigation ΓÇ║ TC_TopNav_03: Advanced Search link should be visible (4.7s)
[dotenv@17.2.3] injecting env (0) from .env -- tip: ΓÜÖ∩╕Å  specify custom .env file path with { path: '/custom/path/.env' }
  Γ£ô   7 [WEMS 3.0 - Chrome] ΓÇ║ tests\dashboard.spec.ts:111:7 ΓÇ║ Top Navigation ΓÇ║ TC_TopNav_07: Advanced Search should be clickable (5.4s)
[dotenv@17.2.3] injecting env (0) from .env -- tip: ≡ƒöÉ prevent committing .env to code: https://dotenvx.com/precommit
  Γ£ô   9 [WEMS 3.0 - Chrome] ΓÇ║ tests\login.spec.ts:61:7 ΓÇ║ Basic Login ΓÇ║ TC_LoginBasic_01: empty username & password -> toast "Please specify username and password!" (2.6s)
Username Placeholder: Username or Email
Password Placeholder: Password
Γ£ô Both placeholders are correct!
  Γ£ô  10 [WEMS 3.0 - Chrome] ΓÇ║ tests\login.spec.ts:128:7 ΓÇ║ UI & content Integrity ΓÇ║ Placeholder (2.3s)
  Γ£ô  11 [WEMS 3.0 - Chrome] ΓÇ║ tests\login.spec.ts:73:7 ΓÇ║ Basic Login ΓÇ║ TC_LoginBasic_02: non-existent username/email -> toast "User not found!" (2.7s)
  Γ£ô  12 [WEMS 3.0 - Chrome] ΓÇ║ tests\login.spec.ts:134:7 ΓÇ║ UI & content Integrity ΓÇ║ Forgot Password Link Visible (2.5s)
  Γ£ô  14 [WEMS 3.0 - Chrome] ΓÇ║ tests\login.spec.ts:144:7 ΓÇ║ UI & content Integrity ΓÇ║ SIGN IN ALWAYs Enable (2.2s)
  Γ£ô  13 [WEMS 3.0 - Chrome] ΓÇ║ tests\login.spec.ts:85:7 ΓÇ║ Basic Login ΓÇ║ TC_LoginBasic_03: wrong password -> toast "Incorrect username or password." (2.7s)
  Γ£ô  16 [WEMS 3.0 - Chrome] ΓÇ║ tests\login.spec.ts:97:7 ΓÇ║ Basic Login ΓÇ║ TC_LoginBasic_04: valid credentials -> login successful -> redirect to dashboard (4.4s)
  Γ£ô  15 [WEMS 3.0 - Chrome] ΓÇ║ tests\login.spec.ts:154:7 ΓÇ║ Forgot password Flow ΓÇ║ Forgot Password Flow (5.7s)
  Γ£ô  18 [WEMS 3.0 - Chrome] ΓÇ║ tests\login.spec.ts:171:7 ΓÇ║ Security ΓÇ║ Login with XSS Injecttion (2.6s)
  Γ£ô  17 [WEMS 3.0 - Chrome] ΓÇ║ tests\login.spec.ts:105:7 ΓÇ║ Basic Login ΓÇ║ TC_LoginBasic_05: Leading/trailing whitespace trimmed -> Login success (4.7s)
  Γ£ô  19 [WEMS 3.0 - Chrome] ΓÇ║ tests\login.spec.ts:180:7 ΓÇ║ Security ΓÇ║ Login with SQL Injection (2.6s)
  Γ£ô  20 [WEMS 3.0 - Chrome] ΓÇ║ tests\login.spec.ts:120:7 ΓÇ║ UI & content Integrity ΓÇ║ Branding and heading render --> Verify WOLFCOM logo/text and ΓÇ£Sign in to WEMSΓÇ¥ heading render on first paint. (2.4s)

  20 passed (41.5s)

To open last HTML report run:
[36m[39m
[36m  npx playwright show-report[39m
[36m[39m
